// Vitest Snapshot v1

exports[`animate > animate 1`] = `
[
  {
    "cursor": 74,
    "outPutStr": "
import { describe, expect, it } from 'vitest'
import { one } from './src'
describe('should', () => {
  it('exported', () => {
    expect(one).toEqual(1)
  })
})
",
  },
  {
    "cursor": 73,
    "outPutStr": "
import { describe, expect, it } from 'vitest'
import { one } from './src
describe('should', () => {
  it('exported', () => {
    expect(one).toEqual(1)
  })
})
",
  },
  {
    "cursor": 72,
    "outPutStr": "
import { describe, expect, it } from 'vitest'
import { one } from './sr
describe('should', () => {
  it('exported', () => {
    expect(one).toEqual(1)
  })
})
",
  },
  {
    "cursor": 71,
    "outPutStr": "
import { describe, expect, it } from 'vitest'
import { one } from './s
describe('should', () => {
  it('exported', () => {
    expect(one).toEqual(1)
  })
})
",
  },
  {
    "cursor": 70,
    "outPutStr": "
import { describe, expect, it } from 'vitest'
import { one } from './
describe('should', () => {
  it('exported', () => {
    expect(one).toEqual(1)
  })
})
",
  },
  {
    "cursor": 69,
    "outPutStr": "
import { describe, expect, it } from 'vitest'
import { one } from '.
describe('should', () => {
  it('exported', () => {
    expect(one).toEqual(1)
  })
})
",
  },
  {
    "cursor": 68,
    "outPutStr": "
import { describe, expect, it } from 'vitest'
import { one } from '
describe('should', () => {
  it('exported', () => {
    expect(one).toEqual(1)
  })
})
",
  },
  {
    "cursor": 67,
    "outPutStr": "
import { describe, expect, it } from 'vitest'
import { one } from 
describe('should', () => {
  it('exported', () => {
    expect(one).toEqual(1)
  })
})
",
  },
  {
    "cursor": 66,
    "outPutStr": "
import { describe, expect, it } from 'vitest'
import { one } from
describe('should', () => {
  it('exported', () => {
    expect(one).toEqual(1)
  })
})
",
  },
  {
    "cursor": 65,
    "outPutStr": "
import { describe, expect, it } from 'vitest'
import { one } fro
describe('should', () => {
  it('exported', () => {
    expect(one).toEqual(1)
  })
})
",
  },
  {
    "cursor": 64,
    "outPutStr": "
import { describe, expect, it } from 'vitest'
import { one } fr
describe('should', () => {
  it('exported', () => {
    expect(one).toEqual(1)
  })
})
",
  },
  {
    "cursor": 63,
    "outPutStr": "
import { describe, expect, it } from 'vitest'
import { one } f
describe('should', () => {
  it('exported', () => {
    expect(one).toEqual(1)
  })
})
",
  },
  {
    "cursor": 62,
    "outPutStr": "
import { describe, expect, it } from 'vitest'
import { one } 
describe('should', () => {
  it('exported', () => {
    expect(one).toEqual(1)
  })
})
",
  },
  {
    "cursor": 61,
    "outPutStr": "
import { describe, expect, it } from 'vitest'
import { one }
describe('should', () => {
  it('exported', () => {
    expect(one).toEqual(1)
  })
})
",
  },
  {
    "cursor": 60,
    "outPutStr": "
import { describe, expect, it } from 'vitest'
import { one 
describe('should', () => {
  it('exported', () => {
    expect(one).toEqual(1)
  })
})
",
  },
  {
    "cursor": 59,
    "outPutStr": "
import { describe, expect, it } from 'vitest'
import { one
describe('should', () => {
  it('exported', () => {
    expect(one).toEqual(1)
  })
})
",
  },
  {
    "cursor": 58,
    "outPutStr": "
import { describe, expect, it } from 'vitest'
import { on
describe('should', () => {
  it('exported', () => {
    expect(one).toEqual(1)
  })
})
",
  },
  {
    "cursor": 57,
    "outPutStr": "
import { describe, expect, it } from 'vitest'
import { o
describe('should', () => {
  it('exported', () => {
    expect(one).toEqual(1)
  })
})
",
  },
  {
    "cursor": 56,
    "outPutStr": "
import { describe, expect, it } from 'vitest'
import { 
describe('should', () => {
  it('exported', () => {
    expect(one).toEqual(1)
  })
})
",
  },
  {
    "cursor": 55,
    "outPutStr": "
import { describe, expect, it } from 'vitest'
import {
describe('should', () => {
  it('exported', () => {
    expect(one).toEqual(1)
  })
})
",
  },
  {
    "cursor": 54,
    "outPutStr": "
import { describe, expect, it } from 'vitest'
import 
describe('should', () => {
  it('exported', () => {
    expect(one).toEqual(1)
  })
})
",
  },
  {
    "cursor": 53,
    "outPutStr": "
import { describe, expect, it } from 'vitest'
import
describe('should', () => {
  it('exported', () => {
    expect(one).toEqual(1)
  })
})
",
  },
  {
    "cursor": 52,
    "outPutStr": "
import { describe, expect, it } from 'vitest'
impor
describe('should', () => {
  it('exported', () => {
    expect(one).toEqual(1)
  })
})
",
  },
  {
    "cursor": 51,
    "outPutStr": "
import { describe, expect, it } from 'vitest'
impo
describe('should', () => {
  it('exported', () => {
    expect(one).toEqual(1)
  })
})
",
  },
  {
    "cursor": 50,
    "outPutStr": "
import { describe, expect, it } from 'vitest'
imp
describe('should', () => {
  it('exported', () => {
    expect(one).toEqual(1)
  })
})
",
  },
  {
    "cursor": 49,
    "outPutStr": "
import { describe, expect, it } from 'vitest'
im
describe('should', () => {
  it('exported', () => {
    expect(one).toEqual(1)
  })
})
",
  },
  {
    "cursor": 48,
    "outPutStr": "
import { describe, expect, it } from 'vitest'
i
describe('should', () => {
  it('exported', () => {
    expect(one).toEqual(1)
  })
})
",
  },
  {
    "cursor": 47,
    "outPutStr": "
import { describe, expect, it } from 'vitest'

describe('should', () => {
  it('exported', () => {
    expect(one).toEqual(1)
  })
})
",
  },
  {
    "cursor": 88,
    "outPutStr": "
import { describe, expect, it } from 'vitest'
import { one } from './src'

describe('shuld', () => {
  it('exported', () => {
    expect(one).toEqual(1)
  })
})
",
  },
  {
    "cursor": 87,
    "outPutStr": "
import { describe, expect, it } from 'vitest'
import { one } from './src'

describe('suld', () => {
  it('exported', () => {
    expect(one).toEqual(1)
  })
})
",
  },
  {
    "cursor": 86,
    "outPutStr": "
import { describe, expect, it } from 'vitest'
import { one } from './src'

describe('uld', () => {
  it('exported', () => {
    expect(one).toEqual(1)
  })
})
",
  },
  {
    "cursor": 85,
    "outPutStr": "
import { describe, expect, it } from 'vitest'
import { one } from './src'

describe(uld', () => {
  it('exported', () => {
    expect(one).toEqual(1)
  })
})
",
  },
  {
    "cursor": 84,
    "outPutStr": "
import { describe, expect, it } from 'vitest'
import { one } from './src'

describeuld', () => {
  it('exported', () => {
    expect(one).toEqual(1)
  })
})
",
  },
  {
    "cursor": 83,
    "outPutStr": "
import { describe, expect, it } from 'vitest'
import { one } from './src'

describuld', () => {
  it('exported', () => {
    expect(one).toEqual(1)
  })
})
",
  },
  {
    "cursor": 82,
    "outPutStr": "
import { describe, expect, it } from 'vitest'
import { one } from './src'

descriuld', () => {
  it('exported', () => {
    expect(one).toEqual(1)
  })
})
",
  },
  {
    "cursor": 81,
    "outPutStr": "
import { describe, expect, it } from 'vitest'
import { one } from './src'

descruld', () => {
  it('exported', () => {
    expect(one).toEqual(1)
  })
})
",
  },
  {
    "cursor": 82,
    "outPutStr": "
import { describe, expect, it } from 'vitest'
import { one } from './src'

descroneibe('should', () => {
  it('exported', () => {
    expect(one).toEqual(1)
  })
})
",
  },
  {
    "cursor": 83,
    "outPutStr": "
import { describe, expect, it } from 'vitest'
import { one } from './src'

descroneibe('should', () => {
  it('exported', () => {
    expect(one).toEqual(1)
  })
})
",
  },
  {
    "cursor": 84,
    "outPutStr": "
import { describe, expect, it } from 'vitest'
import { one } from './src'

descroneibe('should', () => {
  it('exported', () => {
    expect(one).toEqual(1)
  })
})
",
  },
  {
    "cursor": 121,
    "outPutStr": "
import { describe, expect, it } from 'vitest'
import { one } from './src'

describe('should', () => {
  it('exported', )
    expect(two).toEqual(2() => {
    expect(one).toEqual(1)
  })
})
",
  },
  {
    "cursor": 122,
    "outPutStr": "
import { describe, expect, it } from 'vitest'
import { one } from './src'

describe('should', () => {
  it('exported', )
    expect(two).toEqual(2() => {
    expect(one).toEqual(1)
  })
})
",
  },
  {
    "cursor": 123,
    "outPutStr": "
import { describe, expect, it } from 'vitest'
import { one } from './src'

describe('should', () => {
  it('exported', )
    expect(two).toEqual(2() => {
    expect(one).toEqual(1)
  })
})
",
  },
  {
    "cursor": 124,
    "outPutStr": "
import { describe, expect, it } from 'vitest'
import { one } from './src'

describe('should', () => {
  it('exported', )
    expect(two).toEqual(2() => {
    expect(one).toEqual(1)
  })
})
",
  },
  {
    "cursor": 125,
    "outPutStr": "
import { describe, expect, it } from 'vitest'
import { one } from './src'

describe('should', () => {
  it('exported', )
    expect(two).toEqual(2() => {
    expect(one).toEqual(1)
  })
})
",
  },
  {
    "cursor": 126,
    "outPutStr": "
import { describe, expect, it } from 'vitest'
import { one } from './src'

describe('should', () => {
  it('exported', )
    expect(two).toEqual(2() => {
    expect(one).toEqual(1)
  })
})
",
  },
  {
    "cursor": 127,
    "outPutStr": "
import { describe, expect, it } from 'vitest'
import { one } from './src'

describe('should', () => {
  it('exported', )
    expect(two).toEqual(2() => {
    expect(one).toEqual(1)
  })
})
",
  },
  {
    "cursor": 128,
    "outPutStr": "
import { describe, expect, it } from 'vitest'
import { one } from './src'

describe('should', () => {
  it('exported', )
    expect(two).toEqual(2() => {
    expect(one).toEqual(1)
  })
})
",
  },
  {
    "cursor": 129,
    "outPutStr": "
import { describe, expect, it } from 'vitest'
import { one } from './src'

describe('should', () => {
  it('exported', )
    expect(two).toEqual(2() => {
    expect(one).toEqual(1)
  })
})
",
  },
  {
    "cursor": 130,
    "outPutStr": "
import { describe, expect, it } from 'vitest'
import { one } from './src'

describe('should', () => {
  it('exported', )
    expect(two).toEqual(2() => {
    expect(one).toEqual(1)
  })
})
",
  },
  {
    "cursor": 131,
    "outPutStr": "
import { describe, expect, it } from 'vitest'
import { one } from './src'

describe('should', () => {
  it('exported', )
    expect(two).toEqual(2() => {
    expect(one).toEqual(1)
  })
})
",
  },
  {
    "cursor": 132,
    "outPutStr": "
import { describe, expect, it } from 'vitest'
import { one } from './src'

describe('should', () => {
  it('exported', )
    expect(two).toEqual(2() => {
    expect(one).toEqual(1)
  })
})
",
  },
  {
    "cursor": 133,
    "outPutStr": "
import { describe, expect, it } from 'vitest'
import { one } from './src'

describe('should', () => {
  it('exported', )
    expect(two).toEqual(2() => {
    expect(one).toEqual(1)
  })
})
",
  },
  {
    "cursor": 134,
    "outPutStr": "
import { describe, expect, it } from 'vitest'
import { one } from './src'

describe('should', () => {
  it('exported', )
    expect(two).toEqual(2() => {
    expect(one).toEqual(1)
  })
})
",
  },
  {
    "cursor": 135,
    "outPutStr": "
import { describe, expect, it } from 'vitest'
import { one } from './src'

describe('should', () => {
  it('exported', )
    expect(two).toEqual(2() => {
    expect(one).toEqual(1)
  })
})
",
  },
  {
    "cursor": 136,
    "outPutStr": "
import { describe, expect, it } from 'vitest'
import { one } from './src'

describe('should', () => {
  it('exported', )
    expect(two).toEqual(2() => {
    expect(one).toEqual(1)
  })
})
",
  },
  {
    "cursor": 137,
    "outPutStr": "
import { describe, expect, it } from 'vitest'
import { one } from './src'

describe('should', () => {
  it('exported', )
    expect(two).toEqual(2() => {
    expect(one).toEqual(1)
  })
})
",
  },
  {
    "cursor": 138,
    "outPutStr": "
import { describe, expect, it } from 'vitest'
import { one } from './src'

describe('should', () => {
  it('exported', )
    expect(two).toEqual(2() => {
    expect(one).toEqual(1)
  })
})
",
  },
  {
    "cursor": 139,
    "outPutStr": "
import { describe, expect, it } from 'vitest'
import { one } from './src'

describe('should', () => {
  it('exported', )
    expect(two).toEqual(2() => {
    expect(one).toEqual(1)
  })
})
",
  },
  {
    "cursor": 140,
    "outPutStr": "
import { describe, expect, it } from 'vitest'
import { one } from './src'

describe('should', () => {
  it('exported', )
    expect(two).toEqual(2() => {
    expect(one).toEqual(1)
  })
})
",
  },
  {
    "cursor": 141,
    "outPutStr": "
import { describe, expect, it } from 'vitest'
import { one } from './src'

describe('should', () => {
  it('exported', )
    expect(two).toEqual(2() => {
    expect(one).toEqual(1)
  })
})
",
  },
  {
    "cursor": 142,
    "outPutStr": "
import { describe, expect, it } from 'vitest'
import { one } from './src'

describe('should', () => {
  it('exported', )
    expect(two).toEqual(2() => {
    expect(one).toEqual(1)
  })
})
",
  },
  {
    "cursor": 143,
    "outPutStr": "
import { describe, expect, it } from 'vitest'
import { one } from './src'

describe('should', () => {
  it('exported', )
    expect(two).toEqual(2() => {
    expect(one).toEqual(1)
  })
})
",
  },
  {
    "cursor": 144,
    "outPutStr": "
import { describe, expect, it } from 'vitest'
import { one } from './src'

describe('should', () => {
  it('exported', )
    expect(two).toEqual(2() => {
    expect(one).toEqual(1)
  })
})
",
  },
  {
    "cursor": 145,
    "outPutStr": "
import { describe, expect, it } from 'vitest'
import { one } from './src'

describe('should', () => {
  it('exported', )
    expect(two).toEqual(2() => {
    expect(one).toEqual(1)
  })
})
",
  },
  {
    "cursor": 146,
    "outPutStr": "
import { describe, expect, it } from 'vitest'
import { one } from './src'

describe('should', () => {
  it('exported', )
    expect(two).toEqual(2() => {
    expect(one).toEqual(1)
  })
})
",
  },
  {
    "cursor": 147,
    "outPutStr": "
import { describe, expect, it } from 'vitest'
import { one } from './src'

describe('should', () => {
  it('exported', )
    expect(two).toEqual(2() => {
    expect(one).toEqual(1)
  })
})
",
  },
]
`;
